// Jest Snapshot v1, https://goo.gl/fbAQLP

exports[`routes Pages/Admin matches snapshot 1`] = `
<React.Fragment>
  <WithStyles(Typography)
    type="subheading"
  >
    Admin
  </WithStyles(Typography)>
  <main>
    <Link
      replace={false}
      to="/admin/"
    >
      Overview?
    </Link>
    <Link
      replace={false}
      to="/admin/branches/"
    >
      Branchess?
    </Link>
    <Routes
      base="/admin"
    />
  </main>
</React.Fragment>
`;
